// Vitest Snapshot v1, https://vitest.dev/guide/snapshot.html

exports[`checkbox > renders with ariaLabel correctly 1`] = `
"<div data-slot="root" class="relative flex items-start flex-row">
  <div data-slot="container" class="flex items-center h-5"><button aria-label="Aria label" data-slot="base" class="rounded-sm ring ring-inset ring-ring-accented overflow-hidden focus-visible:outline-none size-4 outline-primary/25 focus-visible:outline-solid focus-visible:outline-3 focus-visible:ring-primary" id="v-0-0" role="checkbox" type="button" aria-checked="false" aria-required="false" data-state="unchecked">
      <!---->
    </button>
    <!--v-if-->
  </div>
  <!--v-if-->
</div>"
`;

exports[`checkbox > renders with as correctly 1`] = `
"<section data-slot="root" class="relative flex items-start flex-row">
  <div data-slot="container" class="flex items-center h-5"><button data-slot="base" class="rounded-sm ring ring-inset ring-ring-accented overflow-hidden focus-visible:outline-none size-4 outline-primary/25 focus-visible:outline-solid focus-visible:outline-3 focus-visible:ring-primary" id="v-0-0" role="checkbox" type="button" aria-checked="false" aria-required="false" data-state="unchecked">
      <!---->
    </button>
    <!--v-if-->
  </div>
  <!--v-if-->
</section>"
`;

exports[`checkbox > renders with class correctly 1`] = `
"<div data-slot="root" class="relative flex items-start flex-row inline-flex">
  <div data-slot="container" class="flex items-center h-5"><button data-slot="base" class="rounded-sm ring ring-inset ring-ring-accented overflow-hidden focus-visible:outline-none size-4 outline-primary/25 focus-visible:outline-solid focus-visible:outline-3 focus-visible:ring-primary" id="v-0-0" role="checkbox" type="button" aria-checked="false" aria-required="false" data-state="unchecked">
      <!---->
    </button>
    <!--v-if-->
  </div>
  <!--v-if-->
</div>"
`;

exports[`checkbox > renders with defaultValue correctly 1`] = `
"<div data-slot="root" class="relative flex items-start flex-row">
  <div data-slot="container" class="flex items-center h-5"><button data-slot="base" class="rounded-sm ring ring-inset ring-ring-accented overflow-hidden focus-visible:outline-none size-4 outline-primary/25 focus-visible:outline-solid focus-visible:outline-3 focus-visible:ring-primary" id="v-0-0" role="checkbox" type="button" aria-checked="true" aria-required="false" data-state="checked"><span data-state="checked" style="pointer-events: none;" data-slot="indicator" class="flex items-center justify-center size-full color-text-inverted bg-primary"><span class="iconify i-lucide:check shrink-0 size-3.5" aria-hidden="true" data-slot="icon"></span></span></button>
    <!--v-if-->
  </div>
  <!--v-if-->
</div>"
`;

exports[`checkbox > renders with description correctly 1`] = `
"<div data-slot="root" class="relative flex items-start flex-row">
  <div data-slot="container" class="flex items-center h-5"><button data-slot="base" class="rounded-sm ring ring-inset ring-ring-accented overflow-hidden focus-visible:outline-none size-4 outline-primary/25 focus-visible:outline-solid focus-visible:outline-3 focus-visible:ring-primary" id="v-0-0" role="checkbox" type="button" aria-checked="false" aria-required="false" data-state="unchecked">
      <!---->
    </button>
    <!--v-if-->
  </div>
  <div data-slot="wrapper" class="w-full ms-2 text-sm">
    <!--v-if--><label for="v-0-0" data-slot="label" class="block font-500 color-text">Label</label>
    <p data-slot="description" class="color-text-muted">Description</p>
  </div>
</div>"
`;

exports[`checkbox > renders with description slot correctly 1`] = `
"<div data-slot="root" class="relative flex items-start flex-row">
  <div data-slot="container" class="flex items-center h-5"><button data-slot="base" class="rounded-sm ring ring-inset ring-ring-accented overflow-hidden focus-visible:outline-none size-4 outline-primary/25 focus-visible:outline-solid focus-visible:outline-3 focus-visible:ring-primary" id="v-0-0" role="checkbox" type="button" aria-checked="false" aria-required="false" data-state="unchecked">
      <!---->
    </button>
    <!--v-if-->
  </div>
  <div data-slot="wrapper" class="w-full ms-2 text-sm">
    <!--v-if--><label for="v-0-0" data-slot="label" class="block font-500 color-text">Description slot</label>
    <!--v-if-->
  </div>
</div>"
`;

exports[`checkbox > renders with disabled correctly 1`] = `
"<div data-slot="root" class="relative flex items-start flex-row opacity-75">
  <div data-slot="container" class="flex items-center h-5"><button data-slot="base" class="rounded-sm ring ring-inset ring-ring-accented overflow-hidden focus-visible:outline-none size-4 cursor-not-allowed outline-primary/25 focus-visible:outline-solid focus-visible:outline-3 focus-visible:ring-primary" id="v-0-0" role="checkbox" type="button" aria-checked="false" aria-required="false" data-state="unchecked" aria-disabled="true" data-disabled="" disabled="">
      <!---->
    </button>
    <!--v-if-->
  </div>
  <!--v-if-->
</div>"
`;

exports[`checkbox > renders with icon correctly 1`] = `
"<div data-slot="root" class="relative flex items-start flex-row">
  <div data-slot="container" class="flex items-center h-5"><button data-slot="base" class="rounded-sm ring ring-inset ring-ring-accented overflow-hidden focus-visible:outline-none size-4 outline-primary/25 focus-visible:outline-solid focus-visible:outline-3 focus-visible:ring-primary" id="v-0-0" role="checkbox" type="button" aria-checked="false" aria-required="false" data-state="unchecked">
      <!---->
    </button>
    <!--v-if-->
  </div>
  <!--v-if-->
</div>"
`;

exports[`checkbox > renders with id correctly 1`] = `
"<div data-slot="root" class="relative flex items-start flex-row">
  <div data-slot="container" class="flex items-center h-5"><button data-slot="base" class="rounded-sm ring ring-inset ring-ring-accented overflow-hidden focus-visible:outline-none size-4 outline-primary/25 focus-visible:outline-solid focus-visible:outline-3 focus-visible:ring-primary" id="id" role="checkbox" type="button" aria-checked="false" aria-required="false" data-state="unchecked">
      <!---->
    </button>
    <!--v-if-->
  </div>
  <!--v-if-->
</div>"
`;

exports[`checkbox > renders with indeterminate correctly 1`] = `
"<div data-slot="root" class="relative flex items-start flex-row">
  <div data-slot="container" class="flex items-center h-5"><button data-slot="base" class="rounded-sm ring ring-inset ring-ring-accented overflow-hidden focus-visible:outline-none size-4 outline-primary/25 focus-visible:outline-solid focus-visible:outline-3 focus-visible:ring-primary" id="v-0-0" role="checkbox" type="button" aria-checked="mixed" aria-required="false" data-state="indeterminate"><span data-state="indeterminate" style="pointer-events: none;" data-slot="indicator" class="flex items-center justify-center size-full color-text-inverted bg-primary"><span class="iconify i-lucide:minus shrink-0 size-3.5" aria-hidden="true" data-slot="icon"></span></span></button>
    <!--v-if-->
  </div>
  <!--v-if-->
</div>"
`;

exports[`checkbox > renders with indeterminateIcon correctly 1`] = `
"<div data-slot="root" class="relative flex items-start flex-row">
  <div data-slot="container" class="flex items-center h-5"><button data-slot="base" class="rounded-sm ring ring-inset ring-ring-accented overflow-hidden focus-visible:outline-none size-4 outline-primary/25 focus-visible:outline-solid focus-visible:outline-3 focus-visible:ring-primary" id="v-0-0" role="checkbox" type="button" aria-checked="mixed" aria-required="false" data-state="indeterminate"><span data-state="indeterminate" style="pointer-events: none;" data-slot="indicator" class="flex items-center justify-center size-full color-text-inverted bg-primary"><span class="iconify i-lucide:trash shrink-0 size-3.5" aria-hidden="true" data-slot="icon"></span></span></button>
    <!--v-if-->
  </div>
  <!--v-if-->
</div>"
`;

exports[`checkbox > renders with indicator end correctly 1`] = `
"<div data-slot="root" class="relative flex items-start flex-row-reverse">
  <div data-slot="container" class="flex items-center h-5"><button data-slot="base" class="rounded-sm ring ring-inset ring-ring-accented overflow-hidden focus-visible:outline-none size-4 outline-primary/25 focus-visible:outline-solid focus-visible:outline-3 focus-visible:ring-primary" id="v-0-0" role="checkbox" type="button" aria-checked="true" aria-required="false" data-state="checked"><span data-state="checked" style="pointer-events: none;" data-slot="indicator" class="flex items-center justify-center size-full color-text-inverted bg-primary"><span class="iconify i-lucide:check shrink-0 size-3.5" aria-hidden="true" data-slot="icon"></span></span></button>
    <!--v-if-->
  </div>
  <!--v-if-->
</div>"
`;

exports[`checkbox > renders with indicator hidden correctly 1`] = `
"<div data-slot="root" class="relative flex items-start outline-primary/25 has-focus-visible:outline-3 has-focus-visible:[&amp;:not(:has(:disabled,[aria-disabled=true]))]:border-primary has-focus-visible:z-1">
  <div data-slot="container" class="flex items-center h-5 h-auto"><button data-slot="base" class="rounded-sm ring ring-inset ring-ring-accented overflow-hidden focus-visible:outline-none sr-only size-4" id="v-0-0" role="checkbox" type="button" aria-checked="true" aria-required="false" data-state="checked"></button>
    <!--v-if-->
  </div>
  <!--v-if-->
</div>"
`;

exports[`checkbox > renders with indicator start correctly 1`] = `
"<div data-slot="root" class="relative flex items-start flex-row">
  <div data-slot="container" class="flex items-center h-5"><button data-slot="base" class="rounded-sm ring ring-inset ring-ring-accented overflow-hidden focus-visible:outline-none size-4 outline-primary/25 focus-visible:outline-solid focus-visible:outline-3 focus-visible:ring-primary" id="v-0-0" role="checkbox" type="button" aria-checked="true" aria-required="false" data-state="checked"><span data-state="checked" style="pointer-events: none;" data-slot="indicator" class="flex items-center justify-center size-full color-text-inverted bg-primary"><span class="iconify i-lucide:check shrink-0 size-3.5" aria-hidden="true" data-slot="icon"></span></span></button>
    <!--v-if-->
  </div>
  <!--v-if-->
</div>"
`;

exports[`checkbox > renders with label correctly 1`] = `
"<div data-slot="root" class="relative flex items-start flex-row">
  <div data-slot="container" class="flex items-center h-5"><button data-slot="base" class="rounded-sm ring ring-inset ring-ring-accented overflow-hidden focus-visible:outline-none size-4 outline-primary/25 focus-visible:outline-solid focus-visible:outline-3 focus-visible:ring-primary" id="v-0-0" role="checkbox" type="button" aria-checked="false" aria-required="false" data-state="unchecked">
      <!---->
    </button>
    <!--v-if-->
  </div>
  <div data-slot="wrapper" class="w-full ms-2 text-sm">
    <!--v-if--><label for="v-0-0" data-slot="label" class="block font-500 color-text">Label</label>
    <!--v-if-->
  </div>
</div>"
`;

exports[`checkbox > renders with label slot correctly 1`] = `
"<div data-slot="root" class="relative flex items-start flex-row">
  <div data-slot="container" class="flex items-center h-5"><button data-slot="base" class="rounded-sm ring ring-inset ring-ring-accented overflow-hidden focus-visible:outline-none size-4 outline-primary/25 focus-visible:outline-solid focus-visible:outline-3 focus-visible:ring-primary" id="v-0-0" role="checkbox" type="button" aria-checked="false" aria-required="false" data-state="unchecked">
      <!---->
    </button>
    <!--v-if-->
  </div>
  <div data-slot="wrapper" class="w-full ms-2 text-sm">
    <!--v-if--><label for="v-0-0" data-slot="label" class="block font-500 color-text">Label slot</label>
    <!--v-if-->
  </div>
</div>"
`;

exports[`checkbox > renders with modelValue correctly 1`] = `
"<div data-slot="root" class="relative flex items-start flex-row">
  <div data-slot="container" class="flex items-center h-5"><button data-slot="base" class="rounded-sm ring ring-inset ring-ring-accented overflow-hidden focus-visible:outline-none size-4 outline-primary/25 focus-visible:outline-solid focus-visible:outline-3 focus-visible:ring-primary" id="v-0-0" role="checkbox" type="button" aria-checked="true" aria-required="false" data-state="checked"><span data-state="checked" style="pointer-events: none;" data-slot="indicator" class="flex items-center justify-center size-full color-text-inverted bg-primary"><span class="iconify i-lucide:check shrink-0 size-3.5" aria-hidden="true" data-slot="icon"></span></span></button>
    <!--v-if-->
  </div>
  <!--v-if-->
</div>"
`;

exports[`checkbox > renders with name correctly 1`] = `
"<div data-slot="root" class="relative flex items-start flex-row">
  <div data-slot="container" class="flex items-center h-5"><button data-slot="base" class="rounded-sm ring ring-inset ring-ring-accented overflow-hidden focus-visible:outline-none size-4 outline-primary/25 focus-visible:outline-solid focus-visible:outline-3 focus-visible:ring-primary" id="v-0-0" role="checkbox" type="button" aria-checked="false" aria-required="false" data-state="unchecked">
      <!---->
    </button>
    <!--v-if-->
  </div>
  <!--v-if-->
</div>"
`;

exports[`checkbox > renders with neutral variant card correctly 1`] = `
"<label data-slot="root" class="relative flex items-start border border-border rounded-lg hover:[&amp;:not(:has(:disabled,[aria-disabled=true],:focus-visible,[data-state=checked]))]:bg-background-elevated/50 transition-colors flex-row hover:[&amp;:not(:has(:disabled,[aria-disabled=true],:focus-visible,[data-state=checked]))]:border-border-accented p-3.5 outline-inverted/25 has-focus-visible:outline-3 has-focus-visible:[&amp;:not(:has(:disabled,[aria-disabled=true]))]:border-inverted has-focus-visible:z-1 has-data-[state=checked]:border-border-inverted/50 has-data-[state=checked]:bg-background-elevated">
  <div data-slot="container" class="flex items-center h-5"><button data-slot="base" class="rounded-sm ring ring-inset ring-ring-accented overflow-hidden focus-visible:outline-none size-4" id="v-0-0" role="checkbox" type="button" aria-checked="true" aria-required="false" data-state="checked"><span data-state="checked" style="pointer-events: none;" data-slot="indicator" class="flex items-center justify-center size-full color-text-inverted bg-background-inverted"><span class="iconify i-lucide:check shrink-0 size-3.5" aria-hidden="true" data-slot="icon"></span></span></button>
    <!--v-if-->
  </div>
  <!--v-if-->
</label>"
`;

exports[`checkbox > renders with neutral variant card highlight correctly 1`] = `
"<label data-slot="root" class="relative flex items-start border border-border rounded-lg hover:[&amp;:not(:has(:disabled,[aria-disabled=true],:focus-visible,[data-state=checked]))]:bg-background-elevated/50 transition-colors flex-row p-3.5 outline-inverted/25 has-focus-visible:outline-3 has-focus-visible:[&amp;:not(:has(:disabled,[aria-disabled=true]))]:border-inverted has-focus-visible:z-1 has-data-[state=checked]:border-border-inverted/50 has-data-[state=checked]:bg-background-elevated">
  <div data-slot="container" class="flex items-center h-5"><button data-slot="base" class="rounded-sm ring ring-inset ring-ring-accented overflow-hidden focus-visible:outline-none size-4 ring-ring-inverted" id="v-0-0" role="checkbox" type="button" aria-checked="true" aria-required="false" data-state="checked"><span data-state="checked" style="pointer-events: none;" data-slot="indicator" class="flex items-center justify-center size-full color-text-inverted bg-background-inverted"><span class="iconify i-lucide:check shrink-0 size-3.5" aria-hidden="true" data-slot="icon"></span></span></button>
    <!--v-if-->
  </div>
  <!--v-if-->
</label>"
`;

exports[`checkbox > renders with neutral variant list correctly 1`] = `
"<div data-slot="root" class="relative flex items-start flex-row">
  <div data-slot="container" class="flex items-center h-5"><button data-slot="base" class="rounded-sm ring ring-inset ring-ring-accented overflow-hidden focus-visible:outline-none size-4 outline-inverted/25 focus-visible:outline-solid focus-visible:outline-3 focus-visible:ring-inverted" id="v-0-0" role="checkbox" type="button" aria-checked="true" aria-required="false" data-state="checked"><span data-state="checked" style="pointer-events: none;" data-slot="indicator" class="flex items-center justify-center size-full color-text-inverted bg-background-inverted"><span class="iconify i-lucide:check shrink-0 size-3.5" aria-hidden="true" data-slot="icon"></span></span></button>
    <!--v-if-->
  </div>
  <!--v-if-->
</div>"
`;

exports[`checkbox > renders with neutral variant list highlight correctly 1`] = `
"<div data-slot="root" class="relative flex items-start flex-row">
  <div data-slot="container" class="flex items-center h-5"><button data-slot="base" class="rounded-sm ring ring-inset ring-ring-accented overflow-hidden focus-visible:outline-none size-4 outline-inverted/25 focus-visible:outline-solid focus-visible:outline-3 focus-visible:ring-inverted ring-ring-inverted" id="v-0-0" role="checkbox" type="button" aria-checked="true" aria-required="false" data-state="checked"><span data-state="checked" style="pointer-events: none;" data-slot="indicator" class="flex items-center justify-center size-full color-text-inverted bg-background-inverted"><span class="iconify i-lucide:check shrink-0 size-3.5" aria-hidden="true" data-slot="icon"></span></span></button>
    <!--v-if-->
  </div>
  <!--v-if-->
</div>"
`;

exports[`checkbox > renders with primary variant card correctly 1`] = `
"<label data-slot="root" class="relative flex items-start border border-border rounded-lg hover:[&amp;:not(:has(:disabled,[aria-disabled=true],:focus-visible,[data-state=checked]))]:bg-background-elevated/50 transition-colors flex-row hover:[&amp;:not(:has(:disabled,[aria-disabled=true],:focus-visible,[data-state=checked]))]:border-border-accented p-3.5 outline-primary/25 has-focus-visible:outline-3 has-focus-visible:[&amp;:not(:has(:disabled,[aria-disabled=true]))]:border-primary has-focus-visible:z-1 has-data-[state=checked]:border-primary/50 has-data-[state=checked]:bg-primary/10">
  <div data-slot="container" class="flex items-center h-5"><button data-slot="base" class="rounded-sm ring ring-inset ring-ring-accented overflow-hidden focus-visible:outline-none size-4" id="v-0-0" role="checkbox" type="button" aria-checked="true" aria-required="false" data-state="checked"><span data-state="checked" style="pointer-events: none;" data-slot="indicator" class="flex items-center justify-center size-full color-text-inverted bg-primary"><span class="iconify i-lucide:check shrink-0 size-3.5" aria-hidden="true" data-slot="icon"></span></span></button>
    <!--v-if-->
  </div>
  <!--v-if-->
</label>"
`;

exports[`checkbox > renders with primary variant card highlight correctly 1`] = `
"<label data-slot="root" class="relative flex items-start border border-border rounded-lg hover:[&amp;:not(:has(:disabled,[aria-disabled=true],:focus-visible,[data-state=checked]))]:bg-background-elevated/50 transition-colors flex-row p-3.5 outline-primary/25 has-focus-visible:outline-3 has-focus-visible:[&amp;:not(:has(:disabled,[aria-disabled=true]))]:border-primary has-focus-visible:z-1 has-data-[state=checked]:border-primary/50 has-data-[state=checked]:bg-primary/10">
  <div data-slot="container" class="flex items-center h-5"><button data-slot="base" class="rounded-sm ring ring-inset ring-ring-accented overflow-hidden focus-visible:outline-none size-4 ring-primary" id="v-0-0" role="checkbox" type="button" aria-checked="true" aria-required="false" data-state="checked"><span data-state="checked" style="pointer-events: none;" data-slot="indicator" class="flex items-center justify-center size-full color-text-inverted bg-primary"><span class="iconify i-lucide:check shrink-0 size-3.5" aria-hidden="true" data-slot="icon"></span></span></button>
    <!--v-if-->
  </div>
  <!--v-if-->
</label>"
`;

exports[`checkbox > renders with primary variant list correctly 1`] = `
"<div data-slot="root" class="relative flex items-start flex-row">
  <div data-slot="container" class="flex items-center h-5"><button data-slot="base" class="rounded-sm ring ring-inset ring-ring-accented overflow-hidden focus-visible:outline-none size-4 outline-primary/25 focus-visible:outline-solid focus-visible:outline-3 focus-visible:ring-primary" id="v-0-0" role="checkbox" type="button" aria-checked="true" aria-required="false" data-state="checked"><span data-state="checked" style="pointer-events: none;" data-slot="indicator" class="flex items-center justify-center size-full color-text-inverted bg-primary"><span class="iconify i-lucide:check shrink-0 size-3.5" aria-hidden="true" data-slot="icon"></span></span></button>
    <!--v-if-->
  </div>
  <!--v-if-->
</div>"
`;

exports[`checkbox > renders with primary variant list highlight correctly 1`] = `
"<div data-slot="root" class="relative flex items-start flex-row">
  <div data-slot="container" class="flex items-center h-5"><button data-slot="base" class="rounded-sm ring ring-inset ring-ring-accented overflow-hidden focus-visible:outline-none size-4 outline-primary/25 focus-visible:outline-solid focus-visible:outline-3 focus-visible:ring-primary ring-primary" id="v-0-0" role="checkbox" type="button" aria-checked="true" aria-required="false" data-state="checked"><span data-state="checked" style="pointer-events: none;" data-slot="indicator" class="flex items-center justify-center size-full color-text-inverted bg-primary"><span class="iconify i-lucide:check shrink-0 size-3.5" aria-hidden="true" data-slot="icon"></span></span></button>
    <!--v-if-->
  </div>
  <!--v-if-->
</div>"
`;

exports[`checkbox > renders with required correctly 1`] = `
"<div data-slot="root" class="relative flex items-start flex-row">
  <div data-slot="container" class="flex items-center h-5"><button data-slot="base" class="rounded-sm ring ring-inset ring-ring-accented overflow-hidden focus-visible:outline-none size-4 outline-primary/25 focus-visible:outline-solid focus-visible:outline-3 focus-visible:ring-primary" id="v-0-0" role="checkbox" type="button" aria-checked="false" aria-required="true" data-state="unchecked">
      <!---->
    </button>
    <!--v-if-->
  </div>
  <div data-slot="wrapper" class="w-full ms-2 text-sm">
    <!--v-if--><label for="v-0-0" data-slot="label" class="block font-500 color-text after:color-error after:ms-0.5 after:content-['*']">Label</label>
    <!--v-if-->
  </div>
</div>"
`;

exports[`checkbox > renders with size lg correctly 1`] = `
"<div data-slot="root" class="relative flex items-start flex-row">
  <div data-slot="container" class="flex items-center h-5"><button data-slot="base" class="rounded-sm ring ring-inset ring-ring-accented overflow-hidden focus-visible:outline-none size-4.5 outline-primary/25 focus-visible:outline-solid focus-visible:outline-3 focus-visible:ring-primary" id="v-0-0" role="checkbox" type="button" aria-checked="true" aria-required="false" data-state="checked"><span data-state="checked" style="pointer-events: none;" data-slot="indicator" class="flex items-center justify-center size-full color-text-inverted bg-primary"><span class="iconify i-lucide:check shrink-0 size-4" aria-hidden="true" data-slot="icon"></span></span></button>
    <!--v-if-->
  </div>
  <!--v-if-->
</div>"
`;

exports[`checkbox > renders with size md correctly 1`] = `
"<div data-slot="root" class="relative flex items-start flex-row">
  <div data-slot="container" class="flex items-center h-5"><button data-slot="base" class="rounded-sm ring ring-inset ring-ring-accented overflow-hidden focus-visible:outline-none size-4 outline-primary/25 focus-visible:outline-solid focus-visible:outline-3 focus-visible:ring-primary" id="v-0-0" role="checkbox" type="button" aria-checked="true" aria-required="false" data-state="checked"><span data-state="checked" style="pointer-events: none;" data-slot="indicator" class="flex items-center justify-center size-full color-text-inverted bg-primary"><span class="iconify i-lucide:check shrink-0 size-3.5" aria-hidden="true" data-slot="icon"></span></span></button>
    <!--v-if-->
  </div>
  <!--v-if-->
</div>"
`;

exports[`checkbox > renders with size sm correctly 1`] = `
"<div data-slot="root" class="relative flex items-start flex-row">
  <div data-slot="container" class="flex items-center h-4"><button data-slot="base" class="rounded-sm ring ring-inset ring-ring-accented overflow-hidden focus-visible:outline-none size-3.5 outline-primary/25 focus-visible:outline-solid focus-visible:outline-3 focus-visible:ring-primary" id="v-0-0" role="checkbox" type="button" aria-checked="true" aria-required="false" data-state="checked"><span data-state="checked" style="pointer-events: none;" data-slot="indicator" class="flex items-center justify-center size-full color-text-inverted bg-primary"><span class="iconify i-lucide:check shrink-0 size-3" aria-hidden="true" data-slot="icon"></span></span></button>
    <!--v-if-->
  </div>
  <!--v-if-->
</div>"
`;

exports[`checkbox > renders with size xl correctly 1`] = `
"<div data-slot="root" class="relative flex items-start flex-row">
  <div data-slot="container" class="flex items-center h-6"><button data-slot="base" class="rounded-sm ring ring-inset ring-ring-accented overflow-hidden focus-visible:outline-none size-5 outline-primary/25 focus-visible:outline-solid focus-visible:outline-3 focus-visible:ring-primary" id="v-0-0" role="checkbox" type="button" aria-checked="true" aria-required="false" data-state="checked"><span data-state="checked" style="pointer-events: none;" data-slot="indicator" class="flex items-center justify-center size-full color-text-inverted bg-primary"><span class="iconify i-lucide:check shrink-0 size-4.5" aria-hidden="true" data-slot="icon"></span></span></button>
    <!--v-if-->
  </div>
  <!--v-if-->
</div>"
`;

exports[`checkbox > renders with size xs correctly 1`] = `
"<div data-slot="root" class="relative flex items-start flex-row">
  <div data-slot="container" class="flex items-center h-4"><button data-slot="base" class="rounded-sm ring ring-inset ring-ring-accented overflow-hidden focus-visible:outline-none size-3 outline-primary/25 focus-visible:outline-solid focus-visible:outline-3 focus-visible:ring-primary" id="v-0-0" role="checkbox" type="button" aria-checked="true" aria-required="false" data-state="checked"><span data-state="checked" style="pointer-events: none;" data-slot="indicator" class="flex items-center justify-center size-full color-text-inverted bg-primary"><span class="iconify i-lucide:check shrink-0 size-2.5" aria-hidden="true" data-slot="icon"></span></span></button>
    <!--v-if-->
  </div>
  <!--v-if-->
</div>"
`;

exports[`checkbox > renders with trueValue/falseValue as number correctly 1`] = `
"<div data-slot="root" class="relative flex items-start flex-row">
  <div data-slot="container" class="flex items-center h-5"><button data-slot="base" class="rounded-sm ring ring-inset ring-ring-accented overflow-hidden focus-visible:outline-none size-4 outline-primary/25 focus-visible:outline-solid focus-visible:outline-3 focus-visible:ring-primary" id="v-0-0" role="checkbox" type="button" aria-checked="true" aria-required="false" data-state="checked"><span data-state="checked" style="pointer-events: none;" data-slot="indicator" class="flex items-center justify-center size-full color-text-inverted bg-primary"><span class="iconify i-lucide:check shrink-0 size-3.5" aria-hidden="true" data-slot="icon"></span></span></button>
    <!--v-if-->
  </div>
  <!--v-if-->
</div>"
`;

exports[`checkbox > renders with trueValue/falseValue as string correctly 1`] = `
"<div data-slot="root" class="relative flex items-start flex-row">
  <div data-slot="container" class="flex items-center h-5"><button data-slot="base" class="rounded-sm ring ring-inset ring-ring-accented overflow-hidden focus-visible:outline-none size-4 outline-primary/25 focus-visible:outline-solid focus-visible:outline-3 focus-visible:ring-primary" id="v-0-0" role="checkbox" type="button" aria-checked="true" aria-required="false" data-state="checked"><span data-state="checked" style="pointer-events: none;" data-slot="indicator" class="flex items-center justify-center size-full color-text-inverted bg-primary"><span class="iconify i-lucide:check shrink-0 size-3.5" aria-hidden="true" data-slot="icon"></span></span></button>
    <!--v-if-->
  </div>
  <!--v-if-->
</div>"
`;

exports[`checkbox > renders with trueValue/falseValue unchecked correctly 1`] = `
"<div data-slot="root" class="relative flex items-start flex-row">
  <div data-slot="container" class="flex items-center h-5"><button data-slot="base" class="rounded-sm ring ring-inset ring-ring-accented overflow-hidden focus-visible:outline-none size-4 outline-primary/25 focus-visible:outline-solid focus-visible:outline-3 focus-visible:ring-primary" id="v-0-0" role="checkbox" type="button" aria-checked="false" aria-required="false" data-state="unchecked">
      <!---->
    </button>
    <!--v-if-->
  </div>
  <!--v-if-->
</div>"
`;

exports[`checkbox > renders with ui correctly 1`] = `
"<div data-slot="root" class="relative flex items-start flex-row">
  <div data-slot="container" class="flex items-center h-5"><button data-slot="base" class="rounded-sm ring ring-inset ring-ring-accented overflow-hidden focus-visible:outline-none size-4 outline-primary/25 focus-visible:outline-solid focus-visible:outline-3 focus-visible:ring-primary" id="v-0-0" role="checkbox" type="button" aria-checked="false" aria-required="false" data-state="unchecked">
      <!---->
    </button>
    <!--v-if-->
  </div>
  <!--v-if-->
</div>"
`;

exports[`checkbox > renders with value correctly 1`] = `
"<div data-slot="root" class="relative flex items-start flex-row">
  <div data-slot="container" class="flex items-center h-5"><button data-slot="base" class="rounded-sm ring ring-inset ring-ring-accented overflow-hidden focus-visible:outline-none size-4 outline-primary/25 focus-visible:outline-solid focus-visible:outline-3 focus-visible:ring-primary" id="v-0-0" role="checkbox" type="button" aria-checked="false" aria-required="false" data-state="unchecked">
      <!---->
    </button>
    <!--v-if-->
  </div>
  <!--v-if-->
</div>"
`;
