// Vitest Snapshot v1, https://vitest.dev/guide/snapshot.html

exports[`container > renders with as correctly 1`] = `"<article class="w-full max-w-(--ui-container) mx-auto px-4 sm:px-6 lg:px-8"></article>"`;

exports[`container > renders with class correctly 1`] = `"<div class="w-full max-w-(--ui-container) mx-auto px-4 sm:px-6 lg:px-8 max-w-5xl"></div>"`;

exports[`container > renders with default slot correctly 1`] = `"<div class="w-full max-w-(--ui-container) mx-auto px-4 sm:px-6 lg:px-8">Default slot</div>"`;
